src/key_value.c:76:17: warning: unused variable 'p_value' [-Wunused-variable]
   76 |     json_value *p_value  = 0;
      |                 ^~~~~~~
src/key_value.c:180:13: warning: unused label 'parse_error' [-Wclang -shared -o build/libkey_value_db.dylib build/key_value.o gsdk/build/lib/adjacency_list.dylib gsdk/build/lib/adjacency_matrix.dylib gsdk/build/lib/aes.dylib gsdk/build/lib/array.dylib gsdk/build/lib/b.dylib gsdk/build/lib/base64.dylib gsdk/build/lib/binary.dylib gsdk/build/lib/bitmap.dylib gsdk/build/lib/cache.dylib gsdk/build/lib/circular_buffer.dylib gsdk/build/lib/dict.dylib gsdk/build/lib/digital_signature.dylib gsdk/build/lib/distribute.dylib gsdk/build/lib/hash_table.dylib gsdk/build/lib/hash.dylib gsdk/build/lib/interfaces.dylib gsdk/build/lib/json.dylib gsdk/build/lib/log.dylib gsdk/build/lib/pack.dylib gsdk/build/lib/parallel.dylib gsdk/build/lib/priority_queue.dylib gsdk/build/lib/queue.dylib gsdk/build/lib/red_black.dylib gsdk/build/lib/rsa.dylib gsdk/build/lib/sha.dylib gsdk/build/lib/socket.dylib gsdk/build/lib/stack.dylib gsdk/build/lib/stream.dylib gsdk/build/lib/sync.dylib gsdk/build/lib/tuple.dylib
clang -Wall -Wextra -Iinclude -Igsdk/include -Igsdk/include/core -Igsdk/include/data -Igsdk/include/performance -Igsdk/include/reflection -std=c23 -g -o build/key_value_db_server key_value_db_server.c build/libkey_value_db.dylib gsdk/build/lib/adjacency_list.dylib gsdk/build/lib/adjacency_matrix.dylib gsdk/build/lib/aes.dylib gsdk/build/lib/array.dylib gsdk/build/lib/b.dylib gsdk/build/lib/base64.dylib gsdk/build/lib/binary.dylib gsdk/build/lib/bitmap.dylib gsdk/build/lib/cache.dylib gsdk/build/lib/circular_buffer.dylib gsdk/build/lib/dict.dylib gsdk/build/lib/digital_signature.dylib gsdk/build/lib/distribute.dylib gsdk/build/lib/hash_table.dylib gsdk/build/lib/hash.dylib gsdk/build/lib/interfaces.dylib gsdk/build/lib/json.dylib gsdk/build/lib/log.dylib gsdk/build/lib/pack.dylib gsdk/build/lib/parallel.dylib gsdk/build/lib/priority_queue.dylib gsdk/build/lib/queue.dylib gsdk/build/lib/red_black.dylib gsdk/build/lib/rsa.dylib gsdk/build/lib/sha.dylib gsdk/build/lib/socket.dylib gsdk/build/lib/stack.dylib gsdk/build/lib/stream.dylib gsdk/build/lib/sync.dylib gsdk/build/lib/tuple.dylib -Wl,-rpath,@loader_path -Wl,-rpath,@loader_path/../gsdk/build/lib
clang -Wall -Wextra -Iinclude -Igsdk/include -Igsdk/include/core -Igsdk/include/data -Igsdk/include/performance -Igsdk/include/reflection -std=c23 -g -o build/key_value_db_client key_value_db_client.c build/libkey_value_db.dylib gsdk/build/lib/adjacency_list.dylib gsdk/build/lib/adjacency_matrix.dylib gsdk/build/lib/aes.dylib gsdk/build/lib/array.dylib gsdk/build/lib/b.dylib gsdk/build/lib/base64.dylib gsdk/build/lib/binary.dylib gsdk/build/lib/bitmap.dylib gsdk/build/lib/cache.dylib gsdk/build/lib/circular_buffer.dylib gsdk/build/lib/dict.dylib gsdk/build/lib/digital_signature.dylib gsdk/build/lib/distribute.dylib gsdk/build/lib/hash_table.dylib gsdk/build/lib/hash.dylib gsdk/build/lib/interfaces.dylib gsdk/build/lib/json.dylib gsdk/build/lib/log.dylib gsdk/build/lib/pack.dylib gsdk/build/lib/parallel.dylib gsdk/build/lib/priority_queue.dylib gsdk/build/lib/queue.dylib gsdk/build/lib/red_black.dylib gsdk/build/lib/rsa.dylib gsdk/build/lib/sha.dylib gsdk/build/lib/socket.dylib gsdk/build/lib/stack.dylib gsdk/build/lib/stream.dylib gsdk/build/lib/sync.dylib gsdk/build/lib/tuple.dylib -Wl,-rpath,@loader_path -Wl,-rpath,@loader_path/../gsdk/build/lib
